{
  "config": {},
  "min_reader_version": 1,
  "min_writer_version": 2,
  "table_schema_json": "{}"
}